---
source: valhalla-graphtile/src/graph_tile/predicted_speeds.rs
expression: enc
---
CKD/4f/r/+H/6//g/+v/4P/q/9//6v/f/+r/3v/q/93/6f/b/+n/2v/o/9f/5//V/+b/0f/l/8z/4//G/+D/vf/d/67/1/+V/8z/Xf+u/nz+GwLJAEcAqwAWAFwABwA8AAAAK//8ACD/+AAZ//YAE//0AA//8gAM//AACf/uAAb/7AAE/+kAAv/m////4v/9/93/+f/U//T/xf/q/5//y/6PAQMAngApADkAFwAfABAAEwAMAAwACQAHAAcAAwAGAAAABf/9AAT/+wAD//kAA//2AAL/9AAC//EAAf/tAAH/6AAA/+EAAP/U////tv///x8AFADL//8AQ///ACf//gAa//4AE//+AA7//QAL//0ACP/9AAb//AAE//wAAv/8AAD/+//+//v//P/6//r/+v/2//n/8v/4/+v/9f/b/+//nP+TALoADAAyAAMAHgAAABX//gAQ//0ADf/9AAv//AAJ//sAB//7AAb/+gAF//kABP/4AAP/9wAC//YAAf/1AAD/8//+//D//P/q//f/2w==
